MSXOS.asm:
     1                          ;	TITLE	BBC BASIC (C) R.T.RUSSELL 1984-2024
     2                          ;
     3                          ;PATCH FOR BBC BASIC TO CP/M 2.2 & 3.0
     4                          ;*    PLAIN VANILLA CP/M VERSION     *
     5                          ;(C) COPYRIGHT R.T.RUSSELL, 25-12-1986
     6                          ;VERSION 5.0, 25-05-2024
     7                          ;
     8                          	SECTION CPMHOST
     9                          
    10                          	GLOBAL	OSINIT
    11                          	GLOBAL	OSRDCH
    12                          	GLOBAL	OSWRCH
    13                          	GLOBAL	OSLINE
    14                          	GLOBAL	OSSAVE
    15                          	GLOBAL	OSLOAD
    16                          	GLOBAL	OSOPEN
    17                          	GLOBAL	OSSHUT
    18                          	GLOBAL	OSBGET
    19                          	GLOBAL	OSBPUT
    20                          	GLOBAL	OSSTAT
    21                          	GLOBAL	GETEXT
    22                          	GLOBAL	GETPTR
    23                          	GLOBAL	PUTPTR
    24                          	GLOBAL	PROMPT
    25                          	GLOBAL	RESET
    26                          	GLOBAL	LTRAP
    27                          	GLOBAL	OSCLI
    28                          	GLOBAL	TRAP
    29                          	GLOBAL	OSKEY
    30                          	GLOBAL	OSCALL
    31                          	GLOBAL  CheckMSXDOS
    32                          	GLOBAL  PrintAddress
    33                          	GLOBAL  PUTCRLF
    34                          	GLOBAL  STRPUT
    35                          
    36                          ; Primary OS routines
    37                          	GLOBAL	CLS
    38                          	GLOBAL  PCSR
    39                          	GLOBAL  GCSR
    40                          	GLOBAL  PTIME
    41                          	GLOBAL  GTIME
    42                          	GLOBAL  INKEY
    43                          	GLOBAL  INITTXT
    44                          
    45                          
    46                          ;
    47                          	EXTERN	BYE
    48                          	EXTERN	GETKEY
    49                          ;
    50                          	EXTERN	ESCAPE
    51                          	EXTERN	EXTERR
    52                          	EXTERN	CHECK
    53                          	EXTERN	CRLF
    54                          ;
    55                          	EXTERN	ACCS
    56                          	EXTERN	FREE
    57                          	EXTERN	HIMEM
    58                          	EXTERN	CURLIN
    59                          	EXTERN	AUTONO
    60                          	EXTERN	USER
    61                          	EXTERN	VERMSG
    62                          	EXTERN  WIDTH
    63                          	EXTERN	DOS_VER
    64                          
    65                          ;MSXBIOS specific routines
    66                          	EXTERN msxPINLINE
    67                          	EXTERN msxPOSIT
    68                          	EXTERN msxGETPOS
    69                          	EXTERN msxINITXT80
    70                          	EXTERN msxINITXT
    71                          	EXTERN msxCheckMSXDOS
    72                          	EXTERN msxCLS
    73                          	EXTERN msxSTRPUT
    74                          	EXTERN msxCHPUT
    75                          
    76                          
    77                          ;
    78                          ;
    79                          ;OSSAVE - Save an area of memory to a file.
    80                          ;   Inputs: HL addresses filename (term CR)
    81                          ;           DE = start address of data to save
    82                          ;           BC = length of data to save (bytes)
    83                          ; Destroys: A,B,C,D,E,H,L,F
    84                          ;
    85  0000  cd6d04            STSAVE:	CALL	SAVLOD		;*SAVE
    86  0003  da3b04            	JP	C,HUH		;"Bad command"
    87  0006  e5                	PUSH	HL
    88  0007  1804              	JR	OSS1
    89                          ;
    90  0009  c5                OSSAVE:	PUSH	BC		;SAVE
    91  000a  cdd402            	CALL	SETUP0
    92  000d  eb                OSS1:	EX	DE,HL
    93  000e  cd6a02            	CALL	CREATE
    94  0011  2014              	JR	NZ,SAVE
    95  0013  3ebe              DIRFUL:	LD	A,190
    96  0015  cd0000            	CALL	EXTERR
    97  0018  4469726563746f72  	DEFM	"Directory full"
              792066756c6c      
    98  0026  00                	DEFB	0
    99  0027  cd3c02            SAVE:	CALL	WRITE
   100  002a  09                	ADD	HL,BC
   101  002b  e3                	EX	(SP),HL
   102  002c  ed42              	SBC	HL,BC
   103  002e  e3                	EX	(SP),HL
   104  002f  2802              	JR	Z,SAVE1
   105  0031  30f4              	JR	NC,SAVE
   106  0033  c1                SAVE1:	POP	BC
   107  0034  3e10              CLOSE:	LD	A,16
   108  0036  cd1002            	CALL	BDOS1
   109  0039  3c                	INC	A
   110  003a  c0                	RET	NZ
   111  003b  3ec8              	LD	A,200
   112  003d  cd0000            	CALL	EXTERR
   113  0040  436c6f7365206572  	DEFM	"Close error"
              726f72            
   114  004b  00                	DEFB	0
   115                          ;
   116                          ;OSSHUT - Close disk file(s).
   117                          ;   Inputs: E = file channel
   118                          ;           If E=0 all files are closed (except SPOOL)
   119                          ; Destroys: A,B,C,D,E,H,L,F
   120                          ;
   121  004c  7b                OSSHUT:	LD	A,E
   122  004d  b7                	OR	A
   123  004e  200b              	JR	NZ,SHUTIT
   124  0050  1c                SHUT0:	INC	E
   125  0051  cb5b              	BIT	3,E
   126  0053  c0                	RET	NZ
   127  0054  d5                	PUSH	DE
   128  0055  cd6c00            	CALL	SHUT1
   129  0058  d1                	POP	DE
   130  0059  18f5              	JR	SHUT0
   131                          ;
   132  005b  cdc302            SHUTIT:	CALL	FIND1
   133  005e  2010              	JR	NZ,SHUT2
   134  0060  c3ae02            	JP	CHANER
   135                          ;
   136  0063  213a07            SESHUT:	LD	HL,FLAGS
   137  0066  cb86              	RES	0,(HL)		;STOP EXEC
   138  0068  cb8e              	RES	1,(HL)		;STOP SPOOL
   139  006a  1e08              	LD	E,8		;SPOOL/EXEC CHANNEL
   140  006c  cdc302            SHUT1:	CALL	FIND1
   141  006f  c8                	RET	Z
   142  0070  af                SHUT2:	XOR	A
   143  0071  77                	LD	(HL),A
   144  0072  2b                	DEC	HL
   145  0073  77                	LD	(HL),A
   146  0074  212500            	LD	HL,37
   147  0077  19                	ADD	HL,DE
   148  0078  cb7e              	BIT	7,(HL)
   149  007a  23                	INC	HL
   150  007b  c43c02            	CALL	NZ,WRITE
   151  007e  21a600            	LD	HL,FCBSIZ
   152  0081  19                	ADD	HL,DE
   153  0082  ed4b0000          	LD	BC,(FREE)
   154  0086  ed42              	SBC	HL,BC
   155  0088  20aa              	JR	NZ,CLOSE
   156  008a  ed530000          	LD	(FREE),DE	;RELEASE SPACE
   157  008e  18a4              	JR	CLOSE
   158                          ;
   159                          ;TYPE - *TYPE command.
   160                          ;Types file to console output.
   161                          ;
   162  0090  37                TYPE:	SCF			;*TYPE
   163  0091  cdf600            	CALL	OSOPEN
   164  0094  b7                	OR	A
   165  0095  2828              	JR	Z,NOTFND
   166  0097  5f                	LD	E,A
   167  0098  3a3a07            TYPE1:	LD	A,(FLAGS)	;TEST
   168  009b  cb7f              	BIT	7,A		;FOR
   169  009d  200a              	JR	NZ,TYPESC	;ESCape
   170  009f  cd6201            	CALL	OSBGET
   171  00a2  cd9b06            	CALL	OSWRCH		;N.B. CALLS "TEST"
   172  00a5  30f1              	JR	NC,TYPE1
   173  00a7  18a3              	JR	OSSHUT
   174                          ;
   175  00a9  cd4c00            TYPESC:	CALL	OSSHUT		;CLOSE!
   176  00ac  c31b06            	JP	ABORT
   177                          ;
   178                          ;OSLOAD - Load an area of memory from a file.
   179                          ;   Inputs: HL addresses filename (term CR)
   180                          ;           DE = address at which to load
   181                          ;           BC = maximum allowed size (bytes)
   182                          ;  Outputs: Carry reset indicates no room for file.
   183                          ; Destroys: A,B,C,D,E,H,L,F
   184                          ;
   185  00af  cd6d04            STLOAD:	CALL	SAVLOD		;*LOAD
   186  00b2  e5                	PUSH	HL
   187  00b3  1804              	JR	OSL1
   188                          ;
   189  00b5  c5                OSLOAD:	PUSH	BC		;LOAD
   190  00b6  cdd402            	CALL	SETUP0
   191  00b9  eb                OSL1:	EX	DE,HL
   192  00ba  cd6002            	CALL	OPEN
   193  00bd  201d              	JR	NZ,LOAD0
   194  00bf  3ed6              NOTFND:	LD	A,214
   195  00c1  cd0000            	CALL	EXTERR
   196  00c4  46696c65206e6f74  	DEFM	"File not found"
              20666f756e64      
   197  00d2  00                	DEFB	0
   198  00d3  cd0b02            LOAD:	CALL	READ
   199  00d6  200a              	JR	NZ,LOAD1
   200  00d8  cd5502            	CALL	INCSEC
   201  00db  09                	ADD	HL,BC
   202  00dc  e3                LOAD0:	EX	(SP),HL
   203  00dd  ed42              	SBC	HL,BC
   204  00df  e3                	EX	(SP),HL
   205  00e0  30f1              	JR	NC,LOAD
   206  00e2  c1                LOAD1:	POP	BC
   207  00e3  f5                	PUSH	AF
   208  00e4  cd3400            	CALL	CLOSE
   209  00e7  f1                	POP	AF
   210  00e8  3f                	CCF
   211  00e9  c9                OSCALL:	RET
   212                          ;
   213                          ;OSOPEN - Open a file for reading or writing.
   214                          ;   Inputs: HL addresses filename (term CR)
   215                          ;           Carry set for OPENIN, cleared for OPENOUT.
   216                          ;  Outputs: A = file channel (=0 if cannot open)
   217                          ;           DE = file FCB
   218                          ; Destroys: A,B,C,D,E,H,L,F
   219                          ;
   220  00ea  f5                OPENIT:	PUSH	AF		;SAVE CARRY
   221  00eb  cdd402            	CALL	SETUP0
   222  00ee  f1                	POP	AF
   223  00ef  d46a02            	CALL	NC,CREATE
   224  00f2  dc6002            	CALL	C,OPEN
   225  00f5  c9                	RET
   226                          ;
   227  00f6  cdea00            OSOPEN:	CALL	OPENIT
   228  00f9  c8                	RET	Z		;ERROR
   229  00fa  0607              	LD	B,7		;MAX. NUMBER OF FILES
   230  00fc  213907            	LD	HL,TABLE+15
   231  00ff  7e                OPEN1:	LD	A,(HL)
   232  0100  2b                	DEC	HL
   233  0101  b6                	OR	(HL)
   234  0102  281c              	JR	Z,OPEN2		;FREE CHANNEL
   235  0104  2b                	DEC	HL
   236  0105  10f8              	DJNZ	OPEN1
   237  0107  3ec0              	LD	A,192
   238  0109  cd0000            	CALL	EXTERR
   239  010c  546f6f206d616e79  	DEFM	"Too many open files"
              206f70656e206669  
              6c6573            
   240  011f  00                	DEFB	0
   241                          ;
   242  0120  ed5b0000          OPEN2:	LD	DE,(FREE)	;FREE SPACE POINTER
   243  0124  73                	LD	(HL),E
   244  0125  23                	INC	HL
   245  0126  72                	LD	(HL),D
   246  0127  78                	LD	A,B		;CHANNEL (1-7)
   247  0128  21a600            	LD	HL,FCBSIZ
   248  012b  19                	ADD	HL,DE		;RESERVE SPACE
   249  012c  220000            	LD	(FREE),HL
   250  012f  215c00            OPEN3:	LD	HL,FCB		;ENTRY FROM SPOOL/EXEC
   251  0132  d5                	PUSH	DE
   252  0133  012400            	LD	BC,36
   253  0136  edb0              	LDIR			;COPY FCB
   254  0138  eb                	EX	DE,HL
   255  0139  23                	INC	HL
   256  013a  71                	LD	(HL),C		;CLEAR PTR
   257  013b  23                	INC	HL
   258  013c  d1                	POP	DE
   259  013d  47                	LD	B,A
   260  013e  cdeb01            	CALL	RDF		;READ OR FILL
   261  0141  78                	LD	A,B
   262  0142  c30000            	JP	CHECK
   263                          ;
   264                          ;OSBPUT - Write a byte to a random disk file.
   265                          ;   Inputs: E = file channel
   266                          ;           A = byte to write
   267                          ; Destroys: A,B,C,F
   268                          ;
   269  0145  d5                OSBPUT:	PUSH	DE
   270  0146  e5                	PUSH	HL
   271  0147  47                	LD	B,A
   272  0148  cda202            	CALL	FIND
   273  014b  78                	LD	A,B
   274  014c  0600              	LD	B,0
   275  014e  2b                	DEC	HL
   276  014f  70                	LD	(HL),B		;CLEAR EOF
   277  0150  23                	INC	HL
   278  0151  4e                	LD	C,(HL)
   279  0152  cbb9              	RES	7,C
   280  0154  cbfe              	SET	7,(HL)
   281  0156  34                	INC	(HL)
   282  0157  23                	INC	HL
   283  0158  e5                	PUSH	HL
   284  0159  09                	ADD	HL,BC
   285  015a  77                	LD	(HL),A
   286  015b  e1                	POP	HL
   287  015c  cce801            	CALL	Z,WRRDF		;WRITE THEN READ/FILL
   288  015f  e1                	POP	HL
   289  0160  d1                	POP	DE
   290  0161  c9                	RET
   291                          ;
   292                          ;OSBGET - Read a byte from a random disk file.
   293                          ;   Inputs: E = file channel
   294                          ;  Outputs: A = byte read
   295                          ;           Carry set if LAST BYTE of file
   296                          ; Destroys: A,B,C,F
   297                          ;
   298  0162  d5                OSBGET:	PUSH	DE
   299  0163  e5                	PUSH	HL
   300  0164  cda202            	CALL	FIND
   301  0167  4e                	LD	C,(HL)
   302  0168  cbb9              	RES	7,C
   303  016a  34                	INC	(HL)
   304  016b  23                	INC	HL
   305  016c  e5                	PUSH	HL
   306  016d  0600              	LD	B,0
   307  016f  09                	ADD	HL,BC
   308  0170  46                	LD	B,(HL)
   309  0171  e1                	POP	HL
   310  0172  ec0302            	CALL	PE,INCRDF	;INC SECTOR THEN READ
   311  0175  cce801            	CALL	Z,WRRDF		;WRITE THEN READ/FILL
   312  0178  78                	LD	A,B
   313  0179  e1                	POP	HL
   314  017a  d1                	POP	DE
   315  017b  c9                	RET
   316                          ;
   317                          ;OSSTAT - Read file status.
   318                          ;   Inputs: E = file channel
   319                          ;  Outputs: Z flag set - EOF
   320                          ;           (If Z then A=0)
   321                          ;           DE = address of file block.
   322                          ; Destroys: A,D,E,H,L,F
   323                          ;
   324  017c  cda202            OSSTAT:	CALL	FIND
   325  017f  2b                	DEC	HL
   326  0180  7e                	LD	A,(HL)
   327  0181  3c                	INC	A
   328  0182  c9                	RET
   329                          ;
   330                          ;GETEXT - Find file size.
   331                          ;   Inputs: E = file channel
   332                          ;  Outputs: DEHL = file size (0-&800000)
   333                          ; Destroys: A,B,C,D,E,H,L,F
   334                          ;
   335  0183  cda202            GETEXT:	CALL	FIND
   336  0186  eb                	EX	DE,HL
   337  0187  115c00            	LD	DE,FCB
   338  018a  012400            	LD	BC,36
   339  018d  d5                	PUSH	DE
   340  018e  edb0              	LDIR			;COPY FCB
   341  0190  eb                	EX	DE,HL
   342  0191  e3                	EX	(SP),HL
   343  0192  eb                	EX	DE,HL
   344  0193  3e23              	LD	A,35
   345  0195  cd1002            	CALL	BDOS1		;COMPUTE SIZE
   346  0198  e1                	POP	HL
   347  0199  af                	XOR	A
   348  019a  1806              	JR	GETPT1
   349                          ;
   350                          ;GETPTR - Return file pointer.
   351                          ;   Inputs: E = file channel
   352                          ;  Outputs: DEHL = pointer (0-&7FFFFF)
   353                          ; Destroys: A,B,C,D,E,H,L,F
   354                          ;
   355  019c  cda202            GETPTR:	CALL	FIND
   356  019f  7e                	LD	A,(HL)
   357  01a0  87                	ADD	A,A
   358  01a1  2b                	DEC	HL
   359  01a2  2b                GETPT1:	DEC	HL
   360  01a3  56                	LD	D,(HL)
   361  01a4  2b                	DEC	HL
   362  01a5  5e                	LD	E,(HL)
   363  01a6  2b                	DEC	HL
   364  01a7  66                	LD	H,(HL)
   365  01a8  6f                	LD	L,A
   366  01a9  cb3a              	SRL	D
   367  01ab  cb1b              	RR	E
   368  01ad  cb1c              	RR	H
   369  01af  cb1d              	RR	L
   370  01b1  c9                	RET
   371                          ;
   372                          ;PUTPTR - Update file pointer.
   373                          ;   Inputs: A = file channel
   374                          ;           DEHL = new pointer (0-&7FFFFF)
   375                          ; Destroys: A,B,C,D,E,H,L,F
   376                          ;
   377  01b2  55                PUTPTR:	LD	D,L
   378  01b3  29                	ADD	HL,HL
   379  01b4  cb13              	RL	E
   380  01b6  43                	LD	B,E
   381  01b7  4c                	LD	C,H
   382  01b8  5f                	LD	E,A		;CHANNEL
   383  01b9  d5                	PUSH	DE
   384  01ba  cda202            	CALL	FIND
   385  01bd  f1                	POP	AF
   386  01be  e67f              	AND	7FH
   387  01c0  cb7e              	BIT	7,(HL)		;PENDING WRITE?
   388  01c2  2802              	JR	Z,PUTPT1
   389  01c4  f680              	OR	80H
   390  01c6  77                PUTPT1:	LD	(HL),A
   391  01c7  d5                	PUSH	DE
   392  01c8  e5                	PUSH	HL
   393  01c9  2b                	DEC	HL
   394  01ca  2b                	DEC	HL
   395  01cb  2b                	DEC	HL
   396  01cc  56                	LD	D,(HL)
   397  01cd  2b                	DEC	HL
   398  01ce  5e                	LD	E,(HL)
   399  01cf  eb                	EX	DE,HL
   400  01d0  b7                	OR	A
   401  01d1  ed42              	SBC	HL,BC
   402  01d3  e1                	POP	HL
   403  01d4  d1                	POP	DE
   404  01d5  c8                	RET	Z
   405  01d6  23                	INC	HL
   406  01d7  b7                	OR	A
   407  01d8  fc3c02            	CALL	M,WRITE
   408  01db  e5                	PUSH	HL
   409  01dc  2b                	DEC	HL
   410  01dd  2b                	DEC	HL
   411  01de  2b                	DEC	HL
   412  01df  3600              	LD	(HL),0
   413  01e1  2b                	DEC	HL
   414  01e2  70                	LD	(HL),B
   415  01e3  2b                	DEC	HL
   416  01e4  71                	LD	(HL),C		;NEW RECORD NO.
   417  01e5  e1                	POP	HL
   418  01e6  1803              	JR	RDF
   419                          ;
   420                          ;WRRDF - Write, read; if EOF fill with zeroes.
   421                          ;RDF - Read; if EOF fill with zeroes.
   422                          ;   Inputs: DE address FCB.
   423                          ;           HL addresses data buffer.
   424                          ;  Outputs: A=0, Z-flag set.
   425                          ;           Carry set if fill done (EOF)
   426                          ; Destroys: A,H,L,F
   427                          ;
   428  01e8  cd3c02            WRRDF:	CALL	WRITE
   429  01eb  cd0b02            RDF:	CALL	READ
   430  01ee  2b                	DEC	HL
   431  01ef  cbbe              	RES	7,(HL)
   432  01f1  2b                	DEC	HL
   433  01f2  77                	LD	(HL),A		;CLEAR EOF FLAG
   434  01f3  c8                	RET	Z
   435  01f4  36ff              	LD	(HL),-1		;SET EOF FLAG
   436  01f6  23                	INC	HL
   437  01f7  23                	INC	HL
   438  01f8  c5                	PUSH	BC
   439  01f9  af                	XOR	A
   440  01fa  0680              	LD	B,128
   441  01fc  77                FILL:	LD	(HL),A
   442  01fd  23                	INC	HL
   443  01fe  10fc              	DJNZ	FILL
   444  0200  c1                	POP	BC
   445  0201  37                	SCF
   446  0202  c9                	RET
   447                          ;
   448                          ;INCRDF - Increment record, read; if EOF fill.
   449                          ;   Inputs: DE addresses FCB.
   450                          ;           HL addresses data buffer.
   451                          ;  Outputs: A=1, Z-flag reset.
   452                          ;           Carry set if fill done (EOF)
   453                          ; Destroys: A,H,L,F
   454                          ;
   455  0203  cd5502            INCRDF:	CALL	INCSEC
   456  0206  cdeb01            	CALL	RDF
   457  0209  3c                	INC	A
   458  020a  c9                	RET
   459                          ;
   460                          ;READ - Read a record from a disk file.
   461                          ;   Inputs: DE addresses FCB.
   462                          ;           HL = address to store data.
   463                          ;  Outputs: A<>0 & Z-flag reset indicates EOF.
   464                          ;           Carry = 0
   465                          ; Destroys: A,F
   466                          ;
   467                          ;BDOS1 - CP/M BDOS call.
   468                          ;   Inputs: A = function number
   469                          ;          DE = parameter
   470                          ;  Outputs: AF = result (carry=0)
   471                          ; Destroys: A,F
   472                          ;
   473  020b  cd9a02            READ:	CALL	SETDMA
   474  020e  3e21              	LD	A,33
   475  0210  cd2702            BDOS1:	CALL	BDOS0
   476  0213  2002              	JR	NZ,CPMERR
   477  0215  b7                	OR	A
   478  0216  c9                	RET
   479  0217  3eff              CPMERR:	LD	A,255
   480  0219  cd0000            	CALL	EXTERR
   481  021c  43502f4d20457272  	DEFM	"CP/M Error"
              6f72              
   482  0226  00                	DEFB	0
   483                          ;
   484  0227  c5                BDOS0:	PUSH	BC
   485  0228  d5                	PUSH	DE
   486  0229  e5                	PUSH	HL
   487  022a  dde5              	PUSH	IX
   488  022c  fde5              	PUSH	IY
   489  022e  4f                	LD	C,A
   490  022f  cd0500            	CALL	BDOS
   491  0232  24                	INC	H
   492  0233  25                	DEC	H
   493  0234  fde1              	POP	IY
   494  0236  dde1              	POP	IX
   495  0238  e1                	POP	HL
   496  0239  d1                	POP	DE
   497  023a  c1                	POP	BC
   498  023b  c9                	RET
   499                          ;
   500                          ;WRITE - Write a record to a disk file.
   501                          ;   Inputs: DE addresses FCB.
   502                          ;           HL = address to get data.
   503                          ; Destroys: A,F
   504                          ;
   505  023c  cd9a02            WRITE:	CALL	SETDMA
   506  023f  3e28              	LD	A,40
   507  0241  cd1002            	CALL	BDOS1
   508  0244  280f              	JR	Z,INCSEC
   509  0246  3ec6              	LD	A,198
   510  0248  cd0000            	CALL	EXTERR
   511  024b  4469736b2066756c  	DEFM	"Disk full"
              6c                
   512  0254  00                	DEFB	0
   513                          ;
   514                          ;INCSEC - Increment random record number.
   515                          ;   Inputs: DE addresses FCB.
   516                          ; Destroys: F
   517                          ;
   518  0255  e5                INCSEC:	PUSH	HL
   519  0256  212100            	LD	HL,33
   520  0259  19                	ADD	HL,DE
   521  025a  34                INCS1:	INC	(HL)
   522  025b  23                	INC	HL
   523  025c  28fc              	JR	Z,INCS1
   524  025e  e1                	POP	HL
   525  025f  c9                	RET
   526                          ;
   527                          ;OPEN - Open a file for access.
   528                          ;   Inputs: FCB set up.
   529                          ;  Outputs: DE = FCB
   530                          ;           A=0 & Z-flag set indicates Not Found.
   531                          ;           Carry = 0
   532                          ; Destroys: A,D,E,F
   533                          ;
   534  0260  115c00            OPEN:	LD	DE,FCB
   535  0263  3e0f              	LD	A,15
   536  0265  cd1002            	CALL	BDOS1
   537  0268  3c                	INC	A
   538  0269  c9                	RET
   539                          ;
   540                          ;CREATE - Create a disk file for writing.
   541                          ;   Inputs: FCB set up.
   542                          ;  Outputs: DE = FCB
   543                          ;           A=0 & Z-flag set indicates directory full.
   544                          ;           Carry = 0
   545                          ; Destroys: A,D,E,F
   546                          ;
   547  026a  cd7c02            CREATE:	CALL	CHKAMB
   548  026d  115c00            	LD	DE,FCB
   549  0270  3e13              	LD	A,19
   550  0272  cd1002            	CALL	BDOS1		;DELETE
   551  0275  3e16              	LD	A,22
   552  0277  cd1002            	CALL	BDOS1		;MAKE
   553  027a  3c                	INC	A
   554  027b  c9                	RET
   555                          ;
   556                          ;CHKAMB - Check for ambiguous filename.
   557                          ; Destroys: A,D,E,F
   558                          ;
   559  027c  c5                CHKAMB:	PUSH	BC
   560  027d  115c00            	LD	DE,FCB
   561  0280  060c              	LD	B,12
   562  0282  1a                CHKAM1:	LD	A,(DE)
   563  0283  fe3f              	CP	'?'
   564  0285  2805              	JR	Z,AMBIG		;AMBIGUOUS
   565  0287  13                	INC	DE
   566  0288  10f8              	DJNZ	CHKAM1
   567  028a  c1                	POP	BC
   568  028b  c9                	RET
   569  028c  3ecc              AMBIG:	LD	A,204
   570  028e  cd0000            	CALL	EXTERR
   571  0291  426164206e616d65  	DEFM	"Bad name"
   572  0299  00                	DEFB	0
   573                          ;
   574                          ;SETDMA - Set "DMA" address.
   575                          ;   Inputs: HL = address
   576                          ; Destroys: A,F
   577                          ;
   578  029a  3e1a              SETDMA:	LD	A,26
   579  029c  eb                	EX	DE,HL
   580  029d  cd2702            	CALL	BDOS0
   581  02a0  eb                	EX	DE,HL
   582  02a1  c9                	RET
   583                          ;
   584                          ;FIND - Find file parameters from channel.
   585                          ;   Inputs: E = channel
   586                          ;  Outputs: DE addresses FCB
   587                          ;           HL addresses pointer byte (FCB+37)
   588                          ; Destroys: A,D,E,H,L,F
   589                          ;
   590  02a2  1c                FIND:	INC	E		;N.B. channel 8 is SPOOL/EXEC
   591  02a3  1d                	DEC	E
   592  02a4  2808              	JR	Z,CHANER
   593  02a6  cdc302            	CALL	FIND1
   594  02a9  212500            	LD	HL,37
   595  02ac  19                	ADD	HL,DE
   596  02ad  c0                	RET	NZ
   597  02ae  3ede              CHANER:	LD	A,222
   598  02b0  cd0000            	CALL	EXTERR
   599  02b3  496e76616c696420  	DEFM	"Invalid channel"
              6368616e6e656c    
   600  02c2  00                	DEFB	0
   601                          ;
   602                          ;FIND1 - Look up file table.
   603                          ;   Inputs: E = channel
   604                          ;  Outputs: Z-flag set = file not opened
   605                          ;           If NZ, DE addresses FCB
   606                          ;                  HL points into table
   607                          ; Destroys: A,D,E,H,L,F
   608                          ;
   609  02c3  7b                FIND1:	LD	A,E
   610  02c4  e607              	AND	7
   611  02c6  87                	ADD	A,A
   612  02c7  5f                	LD	E,A
   613  02c8  1600              	LD	D,0
   614  02ca  212a07            	LD	HL,TABLE
   615  02cd  19                	ADD	HL,DE
   616  02ce  5e                	LD	E,(HL)
   617  02cf  23                	INC	HL
   618  02d0  56                	LD	D,(HL)
   619  02d1  7a                	LD	A,D
   620  02d2  b3                	OR	E
   621  02d3  c9                	RET
   622                          ;
   623                          ;SETUP - Set up File Control Block.
   624                          ;   Inputs: HL addresses filename
   625                          ;           Format  [A:]FILENAME[.EXT]
   626                          ;           Device defaults to current drive
   627                          ;           Extension defaults to .BBC
   628                          ;           A = fill character
   629                          ;  Outputs: HL updated
   630                          ;           A = terminator
   631                          ;           BC = 128
   632                          ; Destroys: A,B,C,H,L,F
   633                          ;
   634                          ;FCB FORMAT (36 BYTES TOTAL):
   635                          ; 0      0=SAME DISK, 1=DISK A, 2=DISK B (ETC.)
   636                          ; 1-8    FILENAME, PADDED WITH SPACES
   637                          ; 9-11   EXTENSION, PADDED WITH SPACES
   638                          ; 12     CURRENT EXTENT, SET TO ZERO
   639                          ; 32-35  CLEARED TO ZERO
   640                          ;
   641  02d4  3e20              SETUP0:	LD	A,' '
   642  02d6  d5                SETUP:	PUSH	DE
   643  02d7  e5                	PUSH	HL
   644  02d8  116500            	LD	DE,FCB+9
   645  02db  217f03            	LD	HL,BBC
   646  02de  010300            	LD	BC,3
   647  02e1  edb0              	LDIR
   648  02e3  217c00            	LD	HL,FCB+32
   649  02e6  0604              	LD	B,4
   650  02e8  71                SETUP1:	LD	(HL),C
   651  02e9  23                	INC	HL
   652  02ea  10fc              	DJNZ	SETUP1
   653  02ec  e1                	POP	HL
   654  02ed  4f                	LD	C,A
   655  02ee  af                	XOR	A
   656  02ef  12                	LD	(DE),A
   657  02f0  d1                	POP	DE
   658  02f1  cd7803            	CALL	SKIPSP
   659  02f4  fe22              	CP	'"'
   660  02f6  2027              	JR	NZ,SETUP2
   661  02f8  23                	INC	HL
   662  02f9  cd7803            	CALL	SKIPSP
   663  02fc  cd1f03            	CALL	SETUP2
   664  02ff  fe22              	CP	'"'
   665  0301  23                	INC	HL
   666  0302  2874              	JR	Z,SKIPSP
   667  0304  3efd              BADSTR:	LD	A,253
   668  0306  cd0000            	CALL	EXTERR
   669  0309  4261642073747269  	DEFM	"Bad string"
              6e67              
   670  0313  00                	DEFB	0
   671                          ;
   672  0314  7e                PARSE:	LD	A,(HL)
   673  0315  23                	INC	HL
   674  0316  fe60              	CP	'`'
   675  0318  d0                	RET	NC
   676  0319  fe3f              	CP	'?'
   677  031b  d8                	RET	C
   678  031c  ee40              	XOR	40H
   679  031e  c9                	RET
   680                          ;
   681  031f  d5                SETUP2:	PUSH	DE
   682  0320  23                	INC	HL
   683  0321  7e                	LD	A,(HL)
   684  0322  fe3a              	CP	':'
   685  0324  2b                	DEC	HL
   686  0325  78                	LD	A,B
   687  0326  2005              	JR	NZ,DEVICE
   688  0328  7e                	LD	A,(HL)		;DRIVE
   689  0329  e61f              	AND	31
   690  032b  23                	INC	HL
   691  032c  23                	INC	HL
   692  032d  115c00            DEVICE:	LD	DE,FCB
   693  0330  12                	LD	(DE),A
   694  0331  13                	INC	DE
   695  0332  0608              	LD	B,8
   696  0334  7e                COPYF:	LD	A,(HL)
   697  0335  fe2e              	CP	'.'
   698  0337  2822              	JR	Z,COPYF1
   699  0339  fe20              	CP	' '
   700  033b  281e              	JR	Z,COPYF1
   701  033d  fe0d              	CP	CR
   702  033f  281a              	JR	Z,COPYF1
   703  0341  fe3d              	CP	'='
   704  0343  2816              	JR	Z,COPYF1
   705  0345  fe22              	CP	'"'
   706  0347  2812              	JR	Z,COPYF1
   707  0349  0e3f              	LD	C,'?'
   708  034b  fe2a              	CP	'*'
   709  034d  280c              	JR	Z,COPYF1
   710  034f  0e20              	LD	C,' '
   711  0351  23                	INC	HL
   712  0352  fe7c              	CP	'|'
   713  0354  2006              	JR	NZ,COPYF2
   714  0356  cd1403            	CALL	PARSE
   715  0359  1804              	JR	COPYF0
   716  035b  79                COPYF1:	LD	A,C
   717  035c  cd4305            COPYF2:	CALL	UPPRC
   718  035f  12                COPYF0:	LD	(DE),A
   719  0360  13                	INC	DE
   720  0361  10d1              	DJNZ	COPYF
   721  0363  7e                COPYF3:	LD	A,(HL)
   722  0364  23                	INC	HL
   723  0365  fe2a              	CP	'*'
   724  0367  28fa              	JR	Z,COPYF3
   725  0369  fe2e              	CP	'.'
   726  036b  012003            	LD	BC,3*256+' '
   727  036e  116500            	LD	DE,FCB+9
   728  0371  28c1              	JR	Z,COPYF
   729  0373  2b                	DEC	HL
   730  0374  d1                	POP	DE
   731  0375  018000            	LD	BC,128
   732  0378  7e                SKIPSP:	LD	A,(HL)
   733  0379  fe20              	CP	' '
   734  037b  c0                	RET	NZ
   735  037c  23                	INC	HL
   736  037d  18f9              	JR	SKIPSP
   737                          ;
   738  037f  424243            BBC:	DEFM	"BBC"
   739                          ;
   740                          ;HEX - Read a hex string and convert to binary.
   741                          ;   Inputs: HL = text pointer
   742                          ;  Outputs: HL = updated text pointer
   743                          ;           DE = value
   744                          ;            A = terminator (spaces skipped)
   745                          ; Destroys: A,D,E,H,L,F
   746                          ;
   747  0382  110000            HEX:	LD	DE,0		;INITIALISE
   748  0385  cd7803            	CALL	SKIPSP
   749  0388  7e                HEX1:	LD	A,(HL)
   750  0389  cd4305            	CALL	UPPRC
   751  038c  fe30              	CP	'0'
   752  038e  38e8              	JR	C,SKIPSP
   753  0390  fe3a              	CP	'9'+1
   754  0392  380a              	JR	C,HEX2
   755  0394  fe41              	CP	'A'
   756  0396  38e0              	JR	C,SKIPSP
   757  0398  fe47              	CP	'F'+1
   758  039a  30dc              	JR	NC,SKIPSP
   759  039c  d607              	SUB	7
   760  039e  e60f              HEX2:	AND	0FH
   761  03a0  eb                	EX	DE,HL
   762  03a1  29                	ADD	HL,HL
   763  03a2  29                	ADD	HL,HL
   764  03a3  29                	ADD	HL,HL
   765  03a4  29                	ADD	HL,HL
   766  03a5  eb                	EX	DE,HL
   767  03a6  b3                	OR	E
   768  03a7  5f                	LD	E,A
   769  03a8  23                	INC	HL
   770  03a9  18dd              	JR	HEX1
   771                          ;
   772                          ;OSCLI - Process an "operating system" command
   773                          ;
   774  03ab  cd7803            OSCLI:	CALL	SKIPSP
   775  03ae  fe0d              	CP	CR
   776  03b0  c8                	RET	Z
   777  03b1  fe7c              	CP	'|'
   778  03b3  c8                	RET	Z
   779  03b4  fe2e              	CP	'.'
   780  03b6  ca8b04            	JP	Z,DOT		;*.
   781  03b9  eb                	EX	DE,HL
   782  03ba  216a05            	LD	HL,COMDS
   783  03bd  1a                OSCLI0:	LD	A,(DE)
   784  03be  cd4305            	CALL	UPPRC
   785  03c1  be                	CP	(HL)
   786  03c2  280b              	JR	Z,OSCLI2
   787  03c4  3875              	JR	C,HUH
   788  03c6  cb7e              OSCLI1:	BIT	7,(HL)
   789  03c8  23                	INC	HL
   790  03c9  28fb              	JR	Z,OSCLI1
   791  03cb  23                	INC	HL
   792  03cc  23                	INC	HL
   793  03cd  18ee              	JR	OSCLI0
   794                          ;
   795  03cf  d5                OSCLI2:	PUSH	DE
   796  03d0  13                OSCLI3:	INC	DE
   797  03d1  23                	INC	HL
   798  03d2  1a                	LD	A,(DE)
   799  03d3  cd4305            	CALL	UPPRC
   800  03d6  fe2e              	CP	'.'		;ABBREVIATED?
   801  03d8  280a              	JR	Z,OSCLI4
   802  03da  ae                	XOR	(HL)
   803  03db  28f3              	JR	Z,OSCLI3
   804  03dd  fe80              	CP	80H
   805  03df  2803              	JR	Z,OSCLI4
   806  03e1  d1                	POP	DE
   807  03e2  18e2              	JR	OSCLI1
   808                          ;
   809  03e4  f1                OSCLI4:	POP	AF
   810  03e5  13                	INC	DE
   811  03e6  cb7e              OSCLI5:	BIT	7,(HL)
   812  03e8  23                	INC	HL
   813  03e9  28fb              	JR	Z,OSCLI5
   814  03eb  7e                	LD	A,(HL)
   815  03ec  23                	INC	HL
   816  03ed  66                	LD	H,(HL)
   817  03ee  6f                	LD	L,A
   818  03ef  e5                	PUSH	HL
   819  03f0  eb                	EX	DE,HL
   820  03f1  c37803            	JP	SKIPSP
   821                          ;
   822                          ;
   823  03f4  cdd402            ERA:	CALL	SETUP0		;*ERA, *ERASE
   824  03f7  0e13              	LD	C,19
   825  03f9  1833              	JR	XEQ		;"DELETE"
   826                          ;
   827  03fb  0e0d              RES:	LD	C,13		;*RESET
   828  03fd  182f              	JR	XEQ		;"RESET"
   829                          ;
   830  03ff  cdd402            DRV:	CALL	SETUP0		;*DRIVE
   831  0402  3a5c00            	LD	A,(FCB)
   832  0405  3d                	DEC	A
   833  0406  fa3b04            	JP	M,HUH
   834  0409  5f                	LD	E,A
   835  040a  0e0e              	LD	C,14
   836  040c  1823              	JR	XEQ0
   837                          ;
   838  040e  cdd402            REN:	CALL	SETUP0		;*REN, *RENAME
   839  0411  fe3d              	CP	'='
   840  0413  2026              	JR	NZ,HUH
   841  0415  23                	INC	HL		;SKIP "="
   842  0416  e5                	PUSH	HL
   843  0417  cd4c04            	CALL	EXISTS
   844  041a  215c00            	LD	HL,FCB
   845  041d  116c00            	LD	DE,FCB+16
   846  0420  010c00            	LD	BC,12
   847  0423  edb0              	LDIR
   848  0425  e1                	POP	HL
   849  0426  cdd402            	CALL	SETUP0
   850  0429  cd7c02            	CALL	CHKAMB
   851  042c  0e17              	LD	C,23
   852  042e  115c00            XEQ:	LD	DE,FCB
   853  0431  7e                XEQ0:	LD	A,(HL)
   854  0432  fe0d              	CP	CR
   855  0434  2005              	JR	NZ,HUH
   856  0436  79                BDC:	LD	A,C
   857  0437  cd1002            	CALL	BDOS1
   858  043a  f0                	RET	P
   859  043b  3efe              HUH:	LD	A,254
   860  043d  cd0000            	CALL	EXTERR
   861  0440  42616420636f6d6d  	DEFM	"Bad command"
              616e64            
   862  044b  00                	DEFB	0
   863                          ;
   864  044c  218000            EXISTS:	LD	HL,DSKBUF
   865  044f  cd9a02            	CALL	SETDMA
   866  0452  115c00            	LD	DE,FCB
   867  0455  3e11              	LD	A,17
   868  0457  cd1002            	CALL	BDOS1		;SEARCH
   869  045a  3c                	INC	A
   870  045b  c8                	RET	Z
   871  045c  3ec4              	LD	A,196
   872  045e  cd0000            	CALL	EXTERR
   873  0461  46696c6520657869  	DEFM	"File exists"
              737473            
   874  046c  00                	DEFB	0
   875                          ;
   876  046d  cdd402            SAVLOD:	CALL	SETUP0		;PART OF *SAVE, *LOAD
   877  0470  cd8203            	CALL	HEX
   878  0473  fe2b              	CP	'+'
   879  0475  f5                	PUSH	AF
   880  0476  d5                	PUSH	DE
   881  0477  2001              	JR	NZ,SAVLO1
   882  0479  23                	INC	HL
   883  047a  cd8203            SAVLO1:	CALL	HEX
   884  047d  fe0d              	CP	CR
   885  047f  20ba              	JR	NZ,HUH
   886  0481  eb                	EX	DE,HL
   887  0482  d1                	POP	DE
   888  0483  f1                	POP	AF
   889  0484  c8                	RET	Z
   890  0485  b7                	OR	A
   891  0486  ed52              	SBC	HL,DE
   892  0488  c0                	RET	NZ
   893  0489  18b0              	JR	HUH
   894                          ;
   895  048b  23                DOT:	INC	HL
   896  048c  3e3f              DIR:	LD	A,'?'		;*DIR
   897  048e  cdd602            	CALL	SETUP
   898  0491  fe0d              	CP	CR
   899  0493  20a6              	JR	NZ,HUH
   900  0495  0e11              	LD	C,17
   901  0497  0604              DIR0:	LD	B,4
   902  0499  cd1606            DIR1:	CALL	LTRAP
   903  049c  115c00            	LD	DE,FCB
   904  049f  218000            	LD	HL,DSKBUF
   905  04a2  cd9a02            	CALL	SETDMA
   906  04a5  79                	LD	A,C
   907  04a6  cd1002            	CALL	BDOS1		;SEARCH DIRECTORY
   908  04a9  fa0000            	JP	M,CRLF
   909  04ac  0f                	RRCA
   910  04ad  0f                	RRCA
   911  04ae  0f                	RRCA
   912  04af  e660              	AND	60H
   913  04b1  5f                	LD	E,A
   914  04b2  1600              	LD	D,0
   915  04b4  218100            	LD	HL,DSKBUF+1
   916  04b7  19                	ADD	HL,DE
   917  04b8  e5                	PUSH	HL
   918  04b9  110800            	LD	DE,8
   919  04bc  19                	ADD	HL,DE
   920  04bd  5e                	LD	E,(HL)
   921  04be  23                	INC	HL
   922  04bf  cb7e              	BIT	7,(HL)		;SYSTEM FILE?
   923  04c1  e1                	POP	HL
   924  04c2  0e12              	LD	C,18
   925  04c4  20d3              	JR	NZ,DIR1
   926  04c6  c5                	PUSH	BC
   927  04c7  3a5c00            	LD	A,(FCB)
   928  04ca  3d                	DEC	A
   929  04cb  0e19              	LD	C,25
   930  04cd  fc3604            	CALL	M,BDC
   931  04d0  c641              	ADD	A,'A'
   932  04d2  cd9b06            	CALL	OSWRCH
   933  04d5  0608              	LD	B,8
   934  04d7  3e20              	LD	A,' '
   935  04d9  cb7b              	BIT	7,E		;READ ONLY?
   936  04db  2802              	JR	Z,DIR3
   937  04dd  3e2a              	LD	A,'*'
   938  04df  cdd105            DIR3:	CALL	CPTEXT
   939  04e2  0603              	LD	B,3
   940  04e4  3e20              	LD	A,' '
   941  04e6  cdd805            	CALL	SPTEXT
   942  04e9  c1                	POP	BC
   943  04ea  1005              	DJNZ	DIR2
   944  04ec  cd0000            	CALL	CRLF
   945  04ef  18a6              	JR	DIR0
   946                          ;
   947  04f1  c5                DIR2:	PUSH	BC
   948  04f2  0605              	LD	B,5
   949  04f4  3e20              PAD:	LD	A,' '
   950  04f6  cd9b06            	CALL	OSWRCH
   951  04f9  10f9              	DJNZ	PAD
   952  04fb  c1                	POP	BC
   953  04fc  189b              	JR	DIR1
   954                          ;
   955  04fe  cd8203            OPT:	CALL	HEX		;*OPT
   956  0501  7b                	LD	A,E
   957  0502  e603              	AND	3
   958  0504  323e07            SETOPT:	LD	(OPTVAL),A
   959  0507  c9                	RET
   960                          ;
   961  0508  af                RESET:	XOR	A
   962  0509  18f9              	JR	SETOPT
   963                          ;
   964  050b  3e01              EXEC:	LD	A,00000001B	;*EXEC
   965  050d  01                	DEFB	1		;SKIP 2 BYTES (LD BC)
   966  050e  3e02              SPOOL:	LD	A,00000010B	;*SPOOL
   967  0510  f5                	PUSH	AF
   968  0511  e5                	PUSH	HL
   969  0512  cd6300            	CALL	SESHUT		;STOP SPOOL/EXEC
   970  0515  e1                	POP	HL
   971  0516  c1                	POP	BC
   972  0517  7e                	LD	A,(HL)
   973  0518  fe0d              	CP	CR		;JUST SHUT?
   974  051a  c8                	RET	Z
   975  051b  3a3a07            	LD	A,(FLAGS)
   976  051e  b0                	OR	B
   977  051f  323a07            	LD	(FLAGS),A	;SPOOL/EXEC FLAG
   978  0522  1f                	RRA			;CARRY=1 FOR EXEC
   979  0523  cdea00            	CALL	OPENIT		;OPEN SPOOL/EXEC FILE
   980  0526  c8                	RET	Z		;DIR FULL / NOT FOUND
   981  0527  dde1              	POP	IX		;RETURN ADDRESS
   982  0529  2a0000            	LD	HL,(HIMEM)
   983  052c  b7                	OR	A
   984  052d  ed72              	SBC	HL,SP		;SP=HIMEM?
   985  052f  39                	ADD	HL,SP
   986  0530  200f              	JR	NZ,JPIX		;ABORT
   987  0532  015aff            	LD	BC,-FCBSIZ
   988  0535  09                	ADD	HL,BC		;HL=HL-FCBSIZ
   989  0536  220000            	LD	(HIMEM),HL	;NEW HIMEM
   990  0539  222a07            	LD	(TABLE),HL	;FCB/BUFFER
   991  053c  f9                	LD	SP,HL		;NEW SP
   992  053d  eb                	EX	DE,HL
   993  053e  cd2f01            	CALL	OPEN3		;FINISH OPEN OPERATION
   994  0541  dde9              JPIX:	JP	(IX)		;"RETURN"
   995                          ;
   996  0543  e67f              UPPRC:	AND	7FH
   997  0545  fe60              	CP	'`'
   998  0547  d8                	RET	C
   999  0548  e65f              	AND	5FH		;CONVERT TO UPPER CASE
  1000  054a  c9                	RET
  1001                          ;
  1002  054b  0620              HELP:	LD	B,32
  1003  054d  210000            	LD	HL,VERMSG
  1004  0550  c3db05            	JP	PTEXT
  1005                          ;
  1006                          ;*ESC COMMAND
  1007                          ;
  1008  0553  7e                ESCCTL:	LD	A,(HL)
  1009  0554  cd4305            	CALL	UPPRC		;**
  1010  0557  fe4f              	CP	'O'
  1011  0559  2001              	JR	NZ,ESCC1
  1012  055b  23                	INC	HL
  1013  055c  cd8203            ESCC1:	CALL	HEX
  1014  055f  7b                	LD	A,E
  1015  0560  b7                	OR	A
  1016  0561  213a07            	LD	HL,FLAGS
  1017  0564  cbb6              	RES	6,(HL)		;ENABLE ESCAPE
  1018  0566  c8                	RET	Z
  1019  0567  cbf6              	SET	6,(HL)		;DISABLE ESCAPE
  1020  0569  c9                	RET
  1021                          ;
  1022                          ; OSのコマンド
  1023                          ;
  1024  056a  4259              COMDS:	DEFM	"BY"
  1025  056c  c5                	DEFB	'E'+80H
  1026  056d  0000              	DEFW	BYE
  1027  056f  4449              	DEFM	"DI"
  1028  0571  d2                	DEFB	'R'+80H
  1029  0572  8c04              	DEFW	DIR
  1030  0574  44524956          	DEFM	"DRIV"
  1031  0578  c5                	DEFB	'E'+80H
  1032  0579  ff03              	DEFW	DRV
  1033  057b  45524153          	DEFM	"ERAS"
  1034  057f  c5                	DEFB	'E'+80H
  1035  0580  f403              	DEFW	ERA
  1036  0582  4552              	DEFM	"ER"
  1037  0584  c1                	DEFB	'A'+80H
  1038  0585  f403              	DEFW	ERA
  1039  0587  4553              	DEFM	"ES"
  1040  0589  c3                	DEFB	'C'+80H
  1041  058a  5305              	DEFW	ESCCTL
  1042  058c  455845            	DEFM	"EXE"
  1043  058f  c3                	DEFB	'C'+80H
  1044  0590  0b05              	DEFW	EXEC
  1045  0592  48454c            	DEFM	"HEL"
  1046  0595  d0                	DEFB	'P'+80H
  1047  0596  4b05              	DEFW	HELP
  1048  0598  4c4f41            	DEFM	"LOA"
  1049  059b  c4                	DEFB	'D'+80H
  1050  059c  af00              	DEFW	STLOAD
  1051  059e  4f50              	DEFM	"OP"
  1052  05a0  d4                	DEFB	'T'+80H
  1053  05a1  fe04              	DEFW	OPT
  1054  05a3  515549            	DEFM	"QUI"
  1055  05a6  d4                	DEFB	'T'+80H
  1056  05a7  0000              	DEFW	BYE
  1057  05a9  52454e414d        	DEFM	"RENAM"
  1058  05ae  c5                	DEFB	'E'+80H
  1059  05af  0e04              	DEFW	REN
  1060  05b1  5245              	DEFM	"RE"
  1061  05b3  ce                	DEFB	'N'+80H
  1062  05b4  0e04              	DEFW	REN
  1063  05b6  52455345          	DEFM	"RESE"
  1064  05ba  d4                	DEFB	'T'+80H
  1065  05bb  fb03              	DEFW	RES
  1066  05bd  534156            	DEFM	"SAV"
  1067  05c0  c5                	DEFB	'E'+80H
  1068  05c1  0000              	DEFW	STSAVE
  1069  05c3  53504f4f          	DEFM	"SPOO"
  1070  05c7  cc                	DEFB	'L'+80H
  1071  05c8  0e05              	DEFW	SPOOL
  1072  05ca  545950            	DEFM	"TYP"
  1073  05cd  c5                	DEFB	'E'+80H
  1074  05ce  9000              	DEFW	TYPE
  1075  05d0  ff                	DEFB	0FFH
  1076                          ;
  1077                          ;PTEXT - Print text
  1078                          ;   Inputs: HL = address of text
  1079                          ;            B = number of characters to print
  1080                          ; Destroys: A,B,H,L,F
  1081                          ;
  1082  05d1  f5                CPTEXT:	PUSH	AF
  1083  05d2  3e3a              	LD	A,':'
  1084  05d4  cd9b06            	CALL	OSWRCH
  1085  05d7  f1                	POP	AF
  1086  05d8  cd9b06            SPTEXT:	CALL	OSWRCH
  1087  05db  7e                PTEXT:	LD	A,(HL)
  1088  05dc  e67f              	AND	7FH
  1089  05de  23                	INC	HL
  1090  05df  cd9b06            	CALL	OSWRCH
  1091  05e2  10f7              	DJNZ	PTEXT
  1092  05e4  c9                	RET
  1093                          ;
  1094                          ;OSINIT - Initialise RAM mapping etc.
  1095                          ;If BASIC is entered by BBCBASIC FILENAME then file
  1096                          ;FILENAME.BBC is automatically CHAINed.
  1097                          ;   Outputs: DE = initial value of HIMEM (top of RAM)
  1098                          ;            HL = initial value of PAGE (user program)
  1099                          ;            Z-flag reset indicates AUTO-RUN.
  1100                          ;  Destroys: A,B,C,D,E,H,L,F
  1101                          ;
  1102  05e5  0e2d              OSINIT:	LD	C,45		;*
  1103  05e7  1efe              	LD	E,254		;*
  1104  05e9  cd0500            	CALL	BDOS		;*
  1105  05ec  af                	XOR	A
  1106  05ed  0615              	LD	B,INILEN
  1107  05ef  212a07            	LD	HL,TABLE
  1108  05f2  77                CLRTAB:	LD	(HL),A		;CLEAR FILE TABLE ETC.
  1109  05f3  23                	INC	HL
  1110  05f4  10fc              	DJNZ	CLRTAB
  1111  05f6  110000            	LD	DE,ACCS
  1112  05f9  218000            	LD	HL,DSKBUF
  1113  05fc  4e                	LD	C,(HL)
  1114  05fd  23                	INC	HL
  1115  05fe  b9                	CP	C		;N.B. A=B=0
  1116  05ff  2802              	JR	Z,NOBOOT
  1117  0601  edb0              	LDIR			;COPY TO ACCS
  1118  0603  eb                NOBOOT:	EX	DE,HL
  1119  0604  360d              	LD	(HL),CR
  1120  0606  ed5b0600          	LD	DE,(6)		;DE = HIMEM
  1121  060a  5f                	LD	E,A		;PAGE BOUNDARY
  1122  060b  210000            	LD	HL,USER
  1123  060e  c9                	RET
  1124                          ;
  1125                          ;
  1126                          ;TRAP - Test ESCAPE flag and abort if set;
  1127                          ;       every 20th call, test for keypress.
  1128                          ; Destroys: A,H,L,F
  1129                          ;
  1130                          ;LTRAP - Test ESCAPE flag and abort if set.
  1131                          ; Destroys: A,F
  1132                          ;
  1133  060f  212907            TRAP:	LD	HL,TRPCNT
  1134  0612  35                	DEC	(HL)
  1135  0613  cc2306            	CALL	Z,TEST20	;TEST KEYBOARD
  1136  0616  3a3a07            LTRAP:	LD	A,(FLAGS)	;ESCAPE FLAG
  1137  0619  b7                	OR	A		;TEST
  1138  061a  f0                	RET	P
  1139  061b  213a07            ABORT:	LD	HL,FLAGS	;ACKNOWLEDGE
  1140  061e  cbbe              	RES	7,(HL)		;ESCAPE
  1141  0620  c30000            	JP	ESCAPE		;AND ABORT
  1142                          ;
  1143                          ;TEST - Sample for ESCape and CTRL/S. If ESCape
  1144                          ;       pressed set ESCAPE flag and return.
  1145                          ; Destroys: A,F
  1146                          ;
  1147  0623  3614              TEST20:	LD	(HL),20
  1148  0625  d5                TEST:	PUSH	DE
  1149  0626  3e06              	LD	A,6
  1150  0628  1eff              	LD	E,0FFH
  1151  062a  cd2702            	CALL	BDOS0
  1152  062d  d1                	POP	DE
  1153  062e  b7                	OR	A
  1154  062f  c8                	RET	Z
  1155  0630  fe13              	CP	'S' & 1FH	;PAUSE DISPLAY?
  1156  0632  281e              	JR	Z,OSRDCH
  1157  0634  fe1b              	CP	ESC
  1158  0636  2857              	JR	Z,ESCSET
  1159  0638  323b07            	LD	(INKEY),A
  1160  063b  c9                	RET
  1161                          ;
  1162                          ;OSRDCH - Read from the current input stream (keyboard).
  1163                          ;  Outputs: A = character
  1164                          ; Destroys: A,F
  1165                          ;
  1166  063c  dd46f4            KEYGET:	LD	B,(IX-12)	;SCREEN WIDTH
  1167  063f  cd5206            	CALL	OSRDCH
  1168  0642  fe7f              	CP	DEL
  1169  0644  2809              	JR	Z,KEYDEL
  1170  0646  fee0              	CP	224
  1171  0648  c0                	RET	NZ
  1172  0649  cd5206            	CALL	OSRDCH
  1173  064c  d641              	SUB	65
  1174  064e  c9                	RET
  1175                          ;
  1176  064f  3e08              KEYDEL:	LD	A,BS
  1177  0651  c9                	RET
  1178                          ;
  1179  0652  3a3a07            OSRDCH:	LD	A,(FLAGS)
  1180  0655  1f                	RRA			;*EXEC ACTIVE?
  1181  0656  380a              	JR	C,EXECIN
  1182  0658  e5                	PUSH	HL
  1183  0659  ed62              	SBC	HL,HL		;HL=0
  1184  065b  cd7a06            	CALL	OSKEY
  1185  065e  e1                	POP	HL
  1186  065f  d8                	RET	C
  1187  0660  18f0              	JR	OSRDCH
  1188                          ;
  1189                          ;EXECIN - Read byte from EXEC file
  1190                          ;  Outputs: A = byte read
  1191                          ; Destroys: A,F
  1192                          ;
  1193  0662  c5                EXECIN:	PUSH	BC		;SAVE REGISTERS
  1194  0663  d5                	PUSH	DE
  1195  0664  e5                	PUSH	HL
  1196  0665  1e08              	LD	E,8		;SPOOL/EXEC CHANNEL
  1197  0667  213a07            	LD	HL,FLAGS
  1198  066a  cb86              	RES	0,(HL)
  1199  066c  cd6201            	CALL	OSBGET
  1200  066f  cbc6              	SET	0,(HL)
  1201  0671  f5                	PUSH	AF
  1202  0672  dc6300            	CALL	C,SESHUT	;END EXEC IF EOF
  1203  0675  f1                	POP	AF
  1204  0676  e1                	POP	HL		;RESTORE REGISTERS
  1205  0677  d1                	POP	DE
  1206  0678  c1                	POP	BC
  1207  0679  c9                	RET
  1208                          ;
  1209                          ;
  1210                          ;OSKEY - Read key with time-limit, test for ESCape.
  1211                          ;Main function is carried out in user patch.
  1212                          ;   Inputs: HL = time limit (centiseconds)
  1213                          ;  Outputs: Carry reset if time-out
  1214                          ;           If carry set A = character
  1215                          ; Destroys: A,H,L,F
  1216                          ;
  1217  067a  e5                OSKEY:	PUSH	HL
  1218  067b  213b07            	LD	HL,INKEY
  1219  067e  7e                	LD	A,(HL)
  1220  067f  3600              	LD	(HL),0
  1221  0681  e1                	POP	HL
  1222  0682  b7                	OR	A
  1223  0683  37                	SCF
  1224  0684  c0                	RET	NZ
  1225  0685  d5                	PUSH	DE
  1226  0686  cd0000            	CALL	GETKEY
  1227  0689  d1                	POP	DE
  1228  068a  d0                	RET	NC
  1229  068b  fe1b              	CP	ESC
  1230  068d  37                	SCF
  1231  068e  c0                	RET	NZ
  1232  068f  e5                ESCSET:	PUSH	HL
  1233  0690  213a07            	LD	HL,FLAGS
  1234  0693  cb76              	BIT	6,(HL)		;ESC DISABLED?
  1235  0695  2002              	JR	NZ,ESCDIS
  1236  0697  cbfe              	SET	7,(HL)		;SET ESCAPE FLAG
  1237  0699  e1                ESCDIS:	POP	HL
  1238  069a  c9                	RET
  1239                          ;
  1240                          ;OSWRCH - Write a character to console output.
  1241                          ;   Inputs: A = character.
  1242                          ; Destroys: Nothing
  1243                          ;
  1244  069b  f5                OSWRCH:	PUSH	AF
  1245  069c  d5                	PUSH	DE
  1246  069d  e5                	PUSH	HL
  1247  069e  cd0000            	CALL  msxCHPUT
  1248  06a1  e1                	POP	HL
  1249  06a2  d1                	POP	DE
  1250  06a3  f1                	POP	AF
  1251  06a4  c9                	RET
  1252                          ;
  1253                          ;OSLINE - Read/edit a complete line, terminated by CR.
  1254                          ;   Inputs: HL addresses destination buffer.
  1255                          ;           (L=0)
  1256                          ;  Outputs: Buffer filled, terminated by CR.
  1257                          ;           A=0.
  1258                          ; Destroys: A,B,C,D,E,H,L,F
  1259                          ;
  1260                          OSLINE:
  1261                          INLINE:
  1262  06a5  eb                	EX DE,HL
  1263  06a6  d5                	PUSH DE
  1264  06a7  cd0000            	CALL msxPINLINE   ; 一行入力 入力先 BUF
  1265  06aa  d1                    POP DE
  1266  06ab  380d              	JR C,OSLINE_STOP   ; CTRL-STOPが押されたら終わり
  1267                          INLINE0:
  1268  06ad  23                	INC HL 		; HL=BUF-1 　だから
  1269  06ae  7e                	LD A,(HL)
  1270  06af  12                	LD (DE),A
  1271  06b0  13                	INC DE
  1272  06b1  b7                	OR A
  1273  06b2  20f9              	JR NZ,INLINE0
  1274  06b4  12                	LD (DE),A	; NULL 終端
  1275  06b5  1b                	DEC DE
  1276  06b6  3e0d              	LD A,CR
  1277  06b8  12                	LD (DE),A	; 0DH,NULL
  1278  06b9  c9                	RET
  1279                          
  1280                          OSLINE_STOP:
  1281  06ba  3e0d              	LD A,CR
  1282  06bc  12                	LD (DE),A	; 0DH
  1283  06bd  13                	INC DE
  1284  06be  af                	XOR A
  1285  06bf  12                	LD (DE),A	; NULL 終端
  1286  06c0  37                	SCF			; CTRL-STOPが押されたことを示す
  1287  06c1  c9                	RET
  1288                          ;
  1289                          ; INIT SCREEN
  1290                          ;
  1291                          INITTXT:
  1292  06c2  3e50              	LD A,80
  1293  06c4  320000            	LD (WIDTH),A
  1294  06c7  c30000            	JP msxINITXT80
  1295                          
  1296                          ;------------------------------------------------------------------------------
  1297                          ; Check Msx-DOS Version (MSX1 or MSX2)
  1298                          ; ------------------------------------------------------------------------------
  1299                          CheckMSXDOS:
  1300                              ; --- バージョン取得 ---
  1301  06ca  010000                ld   bc, 0000h   ; 初期化
  1302  06cd  0e6f                  ld   c, 6Fh      ; _DOSVER
  1303  06cf  cd0500                call BDOS       ; BDOS
  1304                          
  1305  06d2  78                    ld   a, b        ; メジャーバージョン
  1306  06d3  320000                ld   (DOS_VER), a ; 変数に格納
  1307                          
  1308                              ; --- 判定と表示 ---
  1309  06d6  fe02                  cp   2
  1310  06d8  3006                  jr   nc, print_dos2
  1311                          
  1312                          print_dos1:
  1313  06da  21e606                LD HL, MSG_DOS1
  1314  06dd  c30000                JP msxSTRPUT
  1315                          
  1316                          print_dos2:
  1317  06e0  21f206                LD HL, MSG_DOS2
  1318  06e3  c30000                JP msxSTRPUT
  1319                          
  1320                          
  1321                          ; --- データエリア ---
  1322  06e6  4d53582d444f5320  MSG_DOS1: DEFB "MSX-DOS 1",0DH,0AH,00
              310d0a00          
  1323  06f2  4d53582d444f5320  MSG_DOS2: DEFB "MSX-DOS 2",0DH,0AH,00
              320d0a00          
  1324                          
  1325                          ; ======================================================
  1326                          ; HLレジスタの内容をASCII 4文字で画面に表示する
  1327                          ; ======================================================
  1328                          PrintAddress:
  1329  06fe  7c                    ld  a, h
  1330  06ff  cd0307                call PrintHexByte   ; 上位バイト(H)を表示
  1331  0702  7d                    ld  a, l            ; 下位バイト(L)を表示
  1332                              ; そのまま下の PrintHexByte へ流れる (Fall-through)
  1333                          
  1334                          ; --- 1バイト(A)を16進ASCII 2文字で表示 ---
  1335                          PrintHexByte:
  1336  0703  f5                    push af             ; 下位ニブル保存用
  1337  0704  0f                    rrca
  1338  0705  0f                	rrca 		        ; 上位4ビットを下位へ移動
  1339  0706  0f                    rrca
  1340  0707  0f                	rrca
  1341  0708  cd0c07                call PrintNibble    ; 上位桁を表示
  1342  070b  f1                    pop  af             ; 下位ニブルを戻す
  1343                              ; そのまま下の PrintNibble へ流れる
  1344                          
  1345                          ; --- 下位4ビット(A)をASCII 1文字で表示 (DAAマジック) ---
  1346                          PrintNibble:
  1347  070c  e60f                  and  0Fh            ; 下位4ビットのみにマスク
  1348  070e  c690                  add  a, 90h         ; 10進補正を利用するためのオフセット
  1349  0710  27                    daa                 ; 0-9はそのまま、A-Fは桁上げが発生
  1350  0711  ce40                  adc  a, 40h         ; ASCII '0'(30h)や'A'(41h)への調整
  1351  0713  27                    daa                 ; 最終的なASCIIコードに確定
  1352                          
  1353                          ; --- [システム依存] 1文字出力ルーチン ---
  1354                              ; Aレジスタの文字を表示します。
  1355                              ; お使いの環境に合わせて書き換えてください。
  1356                          PUTCHAR::
  1357  0714  c30000            	JP msxCHPUT ; 画面に表示 (自動的にXが+1される)
  1358                          
  1359                          PUTCRLF:
  1360  0717  3e0d              	LD A,CR
  1361  0719  cd0000            	CALL msxCHPUT
  1362  071c  3e0a              	LD  A,LF
  1363  071e  c30000            	JP  msxCHPUT
  1364                          
  1365                          PROMPT:
  1366  0721  3e3e              	LD A,'>'
  1367  0723  c30000            	JP msxCHPUT
  1368                          ;
  1369                          ; HLレジスタの指す文字列を画面に出力するルーチン
  1370                          ; 文字列はNULL(0)で終端されているもの
  1371                          STRPUT:
  1372  0726  c30000                JP msxSTRPUT ; 文字列出力
  1373                          
  1374                          ;
  1375                          ;
  1376                          ;EDITST:	DEFM	"EDIT"
  1377                          ;LISTST:	DEFM	"LIST"
  1378                          ;
  1379                          BEL	EQU	7
  1380                          BS	EQU	8
  1381                          HT	EQU	9
  1382                          LF	EQU	0AH
  1383                          VT	EQU	0BH
  1384                          CR	EQU	0DH
  1385                          ESC	EQU	1BH
  1386                          DEL	EQU	7FH
  1387                          ;
  1388                          BDOS	EQU	5
  1389                          ;
  1390                          FCB	EQU	5CH
  1391                          DSKBUF	EQU	80H
  1392                          ;
  1393                          FCBSIZ	EQU	128+36+2
  1394                          ;
  1395  0729  0a                TRPCNT:	DEFB	10
  1396  072a  0000000000000000  TABLE:	DEFS	16		;FILE BLOCK POINTERS
              0000000000000000  
  1397  073a  00                FLAGS:	DEFB	0
  1398  073b  00                INKEY:	DEFB	0
  1399  073c  0000              EDPTR:	DEFW	0
  1400  073e  00                OPTVAL:	DEFB	0
  1401                          INILEN	EQU	$-TABLE
  1402                          ;
  1403                          FIN:	;END
  1404                          
